// Jest Snapshot v1, https://goo.gl/fbAQLP

exports[`renders without crashing 1`] = `
<img
  className="mx-auto w-24 items-center rounded-full pb-4"
/>
`;
