// Jest Snapshot v1, https://goo.gl/fbAQLP

exports[`renders without crashing 1`] = `
<button
  className="bg- green -500 rounded text-white"
  onClick={[Function]}
  type="button"
>
  Click me
</button>
`;
