// Jest Snapshot v1, https://goo.gl/fbAQLP

exports[`renders without crashing 1`] = `
Array [
  <h1
    className=" "
  >
    Hello 
  </h1>,
  ";",
  <form
    className="mx-auto w-48"
    onSubmit={[Function]}
  >
    <div>
      <label
        className="sr-only"
        htmlFor="name"
      >
        Name
      </label>
      <input
        className="m-5 rounded border"
        id="name"
        name="name"
        placeholder="Enter your name"
        type="text"
      />
    </div>
    <button
      className="flex justify-center bg-purple-500 px-4 py-2 text-white"
      type="submit"
    >
      Submit
    </button>
  </form>,
  <ul>
    <li>
      Football
       - 
      $49.99
    </li>
    <li>
      Baseball
       - 
      $9.99
    </li>
    <li>
      Basketball
       - 
      $29.99
    </li>
    <li>
      iPod Touch
       - 
      $99.99
    </li>
    <li>
      iPhone 5
       - 
      $399.99
    </li>
    <li>
      Nexus 7
       - 
      $199.99
    </li>
  </ul>,
]
`;
